// Jest Snapshot v1, https://goo.gl/fbAQLP

exports[`Calendar should match a snapshot 1`] = `ShallowWrapper {}`;
