// Jest Snapshot v1, https://goo.gl/fbAQLP

exports[`Nav should match a snapshot 1`] = `ShallowWrapper {}`;
